test-group: new-block
results:
  transactions: []
  minerData: eyJtIjoiTm9NaW5lciIsImtzIjpbXSwia3AiOiI8In0
  transactionsHash: 0SJr05jGkgSIy2cVoCcLDTqGc754cLJ609OAwqnmaXM
  outputsHash: VVl5bFlrIVvALYfKDcX30rdx7Q5yuW5UHxCiorF26wc
  payloadHash: sk7hBVCIAjvih92FwqlSxRgP8-SP9zB9j8KNmsW3eF0
  coinbase: eyJmbENvbW1hbmRSZXN1bHQiOnsicmVzdWx0Ijp7InN0YXR1cyI6InN1Y2Nlc3MiLCJkYXRhIjp7ImkiOm51bGwsImxpdCI6IldyaXRlIHN1Y2NlZWRlZCJ9fSwicGFyZW50SGFzaCI6ImM4cDM5WmhESmEwYm9jVkpGM1l0MVNuVTdRdWJIUlpxdnJDREwxOGMzWUkifSwiZmxUeExvZ3MiOlt7InZhbHVlIjp7Imd1YXJkIjp7InByZWQiOiI8Iiwia2V5cyI6W119LCJiYWxhbmNlIjo0Mn0sImtleSI6Ik5vTWluZXIiLCJ0YWJsZSI6IlVTRVJfY29pbl9jb2luLXRhYmxlIn1dfQ
