FsuEQVGQJuamTLVDULLmkurypOtYLMRxdvH6pHtg5q8=XM2GNiNn09dUd7rTUnatmWXGavBJVKKscZBiCcj01B8=0wtg3JTJrBSEHatczyNDy1F3Vr0pF_2PDIhpD4VPtio=tcHndk3rNM66LvS1e-60GuzB8LO86UQ7I7_OVQVf9BI=NWay9tJlVtclC2rTh62ADdEyYJUVuNtLd7CPJ5R0kak=GvDL4zK87DvQC6Ey2iGsV4obotqULYQefShx8Cfbjss=_FDb2gEeg-WQBF8naj9VNwNn6HcQx-rBdedsuXF06Zw=X9QMUXIpZOG6IgVzQ7BbPrMvYzLaUNoWUsBZ53-L1VI=c8p39ZhDJa0bocVJF3Yt1SnU7QubHRZqvrCDL18c3YI=uWQ59sw-AMY2Ke3SMhgfBhD3bOPFmDa8vuRv7oBhGco=