TEHzdSqQ5591ez6EfKv7nK8hNHay3mXyBEycLs23bBY=2jm03oGTOZkhhNiPppNGh4GfGGn460o5h4A31n194iU=DrTQIrTLmk8ThD425Y41sPBjQB6xz4-1TOp1B7KlJjY=yZagFbtSuLnQ0xQaQJa7-N6dn83cfJP_LIn1eJuAQmU=l5AaRd9-92KTmWJz5ej78zbfjzKj-jux3x32IxFMKGs=8rCEvrypKyOJHVWYhOcqWG-VPv6mdtc1RMsWoLzrQRY=cxS-eBt7VlEexBpUZxyxLx1XoiNAmvrZfSdLg8MxXNA=kVl3ojL1iLA1Gb8COqD_PY8xZSzZb5qYf9KsGZpK2FE=cKtenLfRixL4LAQpBRSAfC9382RNzetiJSTUg3Yiz-Y=ZvOV3wE3MEg-MHpKTZrLUVIZ0KYvN4qRgUebKmgIZ8Q=q-shWnYNh51DcW8CwBdJhfiGXSvh5HiFSdWLQl0vIl0=7mXl9YdpamKCOIAqB3DZF0qfuQyetgD1OYmjIT-rbBU=U4eq02PoWfmxo0ENKpKjMzZFyJk162J8WFfocnoJHuE=Xp1UEebhzff7SEntxZ7SLy8WQi1T1oyXE5yYGWd30ck=fwOWjuOA1Xcm1mAjRTRWu38jB4o4PXSCU6NGj-rPFJs=DNoJD4bx9m-UXD-BFZ62gA0-g_vOCmjJEUZ13IIcvRc=-ALUIDtaIr1S_AZms94RQvGKx2e-Jre0Xt-bzyOi8ig=-vu97ggOOqfrrCvQxf0ToglnNe0nJ2Iu6VTP2QVIeXw=D6-Gie_oYJ5LNI5IlX1FH7nHkvufqqPPT6sW3q7_CZI=CCt9kxHQknAT0m8KBYZYk0KtLBAOlZz8NNH9IJbNNig=